n= 256 N=   94209 ok_edge=0.00 ok_ls=0.00 err_edge=1.538 K=0.55 feas=0.00 (67s)
n= 256 N=  167530 ok_edge=0.00 ok_ls=0.00 err_edge=0.758 K=0.49 feas=0.00 (92s)
n= 256 N=  297915 ok_edge=0.80 ok_ls=0.00 err_edge=0.445 K=0.51 feas=0.80 (134s)
n= 256 N=  529777 ok_edge=1.00 ok_ls=0.00 err_edge=0.000 K=0.00 feas=1.00 (245s)
n= 256 N=  942091 ok_edge=1.00 ok_ls=0.00 err_edge=0.000 K=0.00 feas=1.00 (450s)
ML-DSA-65 noise=bcc target=s2 solver=cp

n=64 tau=12 bound=261692
        N  ok edge  ok LS  err edge    err LS  K_hat  feas
   157015     0.00   0.00     1.366     279.0   0.82  0.00
   234938     0.00   0.00     1.011     225.8   0.91  0.00
   351533     0.20   0.00     0.628     195.1   0.84  0.20
   525991     1.00   0.00     0.000     163.0   0.00  1.00
   787029     1.00   0.00     0.000     126.1   0.00  1.00
  1177614     1.00   0.00     0.000     107.6   0.00  1.00
  fitted slope log(err)/log(N): edge -11.96, LS -0.47  (1/N law = -1, 1/sqrt(N) law = -0.5)
  N*(success>=0.5) per ring element: 4.09e+05
  N*(success>=0.99) per ring element: 5.23e+05

n=256 tau=49 bound=261692
        N  ok edge  ok LS  err edge    err LS  K_hat  feas
    94209     0.00   0.00     1.538     210.7   0.55  0.00
   167530     0.00   0.00     0.758     173.5   0.49  0.00
   297915     0.80   0.00     0.445     110.3   0.51  0.80
   529777     1.00   0.00     0.000      82.1   0.00  1.00
   942091     1.00   0.00     0.000      67.5   0.00  1.00
  fitted slope log(err)/log(N): edge -9.47, LS -0.53  (1/N law = -1, 1/sqrt(N) law = -0.5)
  N*(success>=0.5) per ring element: 2.4e+05
  N*(success>=0.99) per ring element: 5.15e+05

Full-secret recovery over k ring elements needs success^k; see docs/RUNBOOK.md step 5.
