n=  16 N=  513607 ok_edge=1.00 ok_ls=0.00 err_edge=0.000 K=0.00 feas=1.00 (162s)
n=  16 N=  713655 ok_edge=1.00 ok_ls=0.00 err_edge=0.000 K=0.00 feas=1.00 (224s)
n=  32 N=   71366 ok_edge=0.00 ok_ls=0.00 err_edge=1.460 K=1.09 feas=0.15 (61s)
n=  32 N=   99162 ok_edge=0.00 ok_ls=0.00 err_edge=1.262 K=1.32 feas=0.10 (92s)
n=  32 N=  137785 ok_edge=0.15 ok_ls=0.00 err_edge=0.776 K=1.12 feas=0.25 (131s)
n=  32 N=  191452 ok_edge=0.60 ok_ls=0.00 err_edge=0.385 K=0.78 feas=0.70 (174s)
n=  32 N=  266022 ok_edge=1.00 ok_ls=0.00 err_edge=0.000 K=0.00 feas=1.00 (243s)
n=  32 N=  369636 ok_edge=1.00 ok_ls=0.00 err_edge=0.000 K=0.00 feas=1.00 (331s)
n=  32 N=  513607 ok_edge=1.00 ok_ls=0.00 err_edge=0.000 K=0.00 feas=1.00 (456s)
n=  32 N=  713655 ok_edge=1.00 ok_ls=0.00 err_edge=0.000 K=0.00 feas=1.00 (612s)
ML-DSA-44 noise=bcc target=s2 solver=cp

n=8 tau=1 bound=95154
        N  ok edge  ok LS  err edge    err LS  K_hat  feas
    71366     0.00   0.00     3.000     351.1   2.25  1.00
    99162     0.00   0.00     3.000     245.0   3.13  1.00
   137785     0.00   0.00     2.000     238.0   2.90  1.00
   191452     0.05   0.00     2.000     227.7   4.02  1.00
   266022     0.15   0.00     2.000     164.3   5.59  1.00
   369636     0.40   0.00     1.000     180.6   3.88  1.00
   513607     0.65   0.00     0.000     121.6   0.00  1.00
   713655     0.85   0.00     0.000     128.1   0.00  1.00
  fitted slope log(err)/log(N): edge -0.58, LS -0.42  (1/N law = -1, 1/sqrt(N) law = -0.5)
  N*(success>=0.5) per ring element: 4.22e+05
  N*(success>=0.99) per ring element: not bracketed

n=16 tau=2 bound=95154
        N  ok edge  ok LS  err edge    err LS  K_hat  feas
    71366     0.00   0.00     2.167     244.9   1.63  0.65
    99162     0.00   0.00     2.000     258.4   2.08  0.60
   137785     0.00   0.00     1.411     203.0   2.04  0.45
   191452     0.10   0.00     1.000     174.0   2.01  0.65
   266022     0.45   0.00     1.000     145.9   2.80  0.95
   369636     0.75   0.00     0.000     117.9   0.00  1.00
   513607     1.00   0.00     0.000     105.2   0.00  1.00
   713655     1.00   0.00     0.000      98.5   0.00  1.00
  fitted slope log(err)/log(N): edge -12.29, LS -0.46  (1/N law = -1, 1/sqrt(N) law = -0.5)
  N*(success>=0.5) per ring element: 2.81e+05
  N*(success>=0.99) per ring element: 5.07e+05

n=32 tau=5 bound=95154
        N  ok edge  ok LS  err edge    err LS  K_hat  feas
    71366     0.00   0.00     1.460     221.4   1.09  0.15
    99162     0.00   0.00     1.262     166.2   1.32  0.10
   137785     0.15   0.00     0.776     156.9   1.12  0.25
   191452     0.60   0.00     0.385     132.2   0.78  0.70
   266022     1.00   0.00     0.000     111.5   0.00  1.00
   369636     1.00   0.00     0.000      97.4   0.00  1.00
   513607     1.00   0.00     0.000      80.6   0.00  1.00
   713655     1.00   0.00     0.000      66.9   0.00  1.00
  fitted slope log(err)/log(N): edge -12.42, LS -0.49  (1/N law = -1, 1/sqrt(N) law = -0.5)
  N*(success>=0.5) per ring element: 1.78e+05
  N*(success>=0.99) per ring element: 2.64e+05

Full-secret recovery over k ring elements needs success^k; see docs/RUNBOOK.md step 5.
